#-----------------------------------------------------------
# Vivado v2019.2 (64-bit)
# SW Build 2708876 on Wed Nov  6 21:39:14 MST 2019
# IP Build 2700528 on Thu Nov  7 00:09:20 MST 2019
# Start of session at: Tue Feb 22 15:17:29 2022
# Process ID: 151420
# Current directory: /run/media/atharva/nux/ece540_rvfpga_sources/Labs/Proj_4_ImageProcessing/project_4_image_processing/project_4_image_processing.runs/blk_mem_vga_synth_1
# Command line: vivado -log blk_mem_vga.vds -product Vivado -mode batch -messageDb vivado.pb -notrace -source blk_mem_vga.tcl
# Log file: /run/media/atharva/nux/ece540_rvfpga_sources/Labs/Proj_4_ImageProcessing/project_4_image_processing/project_4_image_processing.runs/blk_mem_vga_synth_1/blk_mem_vga.vds
# Journal file: /run/media/atharva/nux/ece540_rvfpga_sources/Labs/Proj_4_ImageProcessing/project_4_image_processing/project_4_image_processing.runs/blk_mem_vga_synth_1/vivado.jou
#-----------------------------------------------------------
source blk_mem_vga.tcl -notrace
